// Jest Snapshot v1, https://goo.gl/fbAQLP

exports[`should render expense dashboard page 1`] = `
<div>
  <div>
    this is my ExpenseDashboardPage
  </div>
  <Connect(ExpenseListFilters) />
  <Connect(ExpenseList) />
</div>
`;
