// Jest Snapshot v1, https://goo.gl/fbAQLP

exports[`should render expense item 1`] = `
<div>
  <p />
  <p>
     - 
  </p>
  <button
    onClick={[Function]}
  >
    edit expense
  </button>
</div>
`;
