// Jest Snapshot v1, https://goo.gl/fbAQLP

exports[`should render not found page 1`] = `
<div>
  not found, go 
  <Link
    to="/"
  >
    home
  </Link>
</div>
`;
